<?xml version="1.0" encoding="UTF-8"?>
<testsuites>
    <testsuite name=";" tests="6" failures="0" skipped="0">
        <properties>
            <property name="URI" value="C:/Users/Data/Desktop/JavaScripts projects/coffee.machine.project/features/coffeeMachineControll.feature">
            </property>
        </properties>
        <testcase name="Given that the machine is plugged in" classname=";" time="0.001815997">
        </testcase>
        <testcase name="And the power light is on" classname=";" time="0.000441937">
        </testcase>
        <testcase name="And that the machine has enough water" classname=";" time="0.000466575">
        </testcase>
        <testcase name="And the machine has plastic cups" classname=";" time="0.000494292">
        </testcase>
        <testcase name="When I press the power button" classname=";" time="0.001530098">
        </testcase>
        <testcase name="Then the machine will be ready to serve drinks" classname=";" time="0.001144109">
        </testcase>
    </testsuite>
    <testsuite name=";" tests="6" failures="0" skipped="0">
        <properties>
            <property name="URI" value="C:/Users/Data/Desktop/JavaScripts projects/coffee.machine.project/features/coffeeMachineControll.feature">
            </property>
        </properties>
        <testcase name="Given that the machine is plugged in" classname=";" time="0.000203261">
        </testcase>
        <testcase name="And the power light is on" classname=";" time="0.000355705">
        </testcase>
        <testcase name="And that the machine has enough coffee" classname=";" time="0.000739641">
        </testcase>
        <testcase name="And the machine has plastic cups" classname=";" time="0.000299245">
        </testcase>
        <testcase name="When I press the power button" classname=";" time="0.000195561">
        </testcase>
        <testcase name="Then the machine will be ready to serve drinks" classname=";" time="0.000144232">
        </testcase>
    </testsuite>
    <testsuite name=";" tests="6" failures="0" skipped="0">
        <properties>
            <property name="URI" value="C:/Users/Data/Desktop/JavaScripts projects/coffee.machine.project/features/coffeeMachineControll.feature">
            </property>
        </properties>
        <testcase name="Given that the machine is plugged in" classname=";" time="0.000507123">
        </testcase>
        <testcase name="And the power light is on" classname=";" time="0.000159631">
        </testcase>
        <testcase name="And that the machine has enough milk" classname=";" time="0.000557939">
        </testcase>
        <testcase name="And the machine has plastic cups" classname=";" time="0.008716068">
        </testcase>
        <testcase name="When I press the power button" classname=";" time="0.000731429">
        </testcase>
        <testcase name="Then the machine will be ready to serve drinks" classname=";" time="0.000230978">
        </testcase>
    </testsuite>
    <testsuite name=";" tests="3" failures="0" skipped="0">
        <properties>
            <property name="URI" value="C:/Users/Data/Desktop/JavaScripts projects/coffee.machine.project/features/coffeeMachineControll.feature">
            </property>
        </properties>
        <testcase name="Given that the machine is not plugged in" classname=";" time="0.00134429">
        </testcase>
        <testcase name="When I press the power button" classname=";" time="0.000255102">
        </testcase>
        <testcase name="Then the machine will not be alble to serve drinks" classname=";" time="0.001608118">
        </testcase>
    </testsuite>
    <testsuite name=";" tests="4" failures="0" skipped="0">
        <properties>
            <property name="URI" value="C:/Users/Data/Desktop/JavaScripts projects/coffee.machine.project/features/coffeeMachineControll.feature">
            </property>
        </properties>
        <testcase name="Given that the machine is plugged in" classname=";" time="0.000567178">
        </testcase>
        <testcase name="And there are not enough water" classname=";" time="0.000416786">
        </testcase>
        <testcase name="When I press the power button" classname=";" time="0.000138586">
        </testcase>
        <testcase name="Then the machine will not be alble to serve drinks" classname=";" time="0.000257155">
        </testcase>
    </testsuite>
    <testsuite name=";" tests="4" failures="0" skipped="0">
        <properties>
            <property name="URI" value="C:/Users/Data/Desktop/JavaScripts projects/coffee.machine.project/features/coffeeMachineControll.feature">
            </property>
        </properties>
        <testcase name="Given that the machine is plugged in" classname=";" time="0.000227897">
        </testcase>
        <testcase name="And there are not enough coffee" classname=";" time="0.000550754">
        </testcase>
        <testcase name="When I press the power button" classname=";" time="0.00016579">
        </testcase>
        <testcase name="Then the machine will not be alble to serve drinks" classname=";" time="0.000123188">
        </testcase>
    </testsuite>
    <testsuite name=";" tests="4" failures="0" skipped="0">
        <properties>
            <property name="URI" value="C:/Users/Data/Desktop/JavaScripts projects/coffee.machine.project/features/coffeeMachineControll.feature">
            </property>
        </properties>
        <testcase name="Given that the machine is plugged in" classname=";" time="0.001031186">
        </testcase>
        <testcase name="And there are not enough milk" classname=";" time="0.001899149">
        </testcase>
        <testcase name="When I press the power button" classname=";" time="0.000197101">
        </testcase>
        <testcase name="Then the machine will not be alble to serve drinks" classname=";" time="0.000203261">
        </testcase>
    </testsuite>
    <testsuite name=";" tests="10" failures="1" skipped="0">
        <properties>
            <property name="URI" value="C:/Users/Data/Desktop/JavaScripts projects/coffee.machine.project/features/coffeeMachineUser.feature">
            </property>
        </properties>
        <testcase name="Given that the machine is plugged in" classname=";" time="0.000475814">
        </testcase>
        <testcase name="And the power light is on" classname=";" time="0.000333121">
        </testcase>
        <testcase name="And that the machine has enough water" classname=";" time="0.000315156">
        </testcase>
        <testcase name="And that the machine has enough coffee" classname=";" time="0.00037675">
        </testcase>
        <testcase name="And that the machine has enough milk" classname=";" time="0.000149878">
        </testcase>
        <testcase name="And the machine has plastic cups" classname=";" time="0.001251898">
        </testcase>
        <testcase name="When I insert 15 kr coins in the machine" classname=";" time="0.005649712">
        </testcase>
        <testcase name="And I select the drink &quot;black coffee&quot;" classname=";" time="0.000810475">
        </testcase>
        <testcase name="And I presses the &quot;start&quot; button" classname=";" time="0.001036319">
        </testcase>
        <testcase name="Then I will get a cup of coffee" classname=";" time="15.002189667">
            <failure message="function timed out after 15000 milliseconds">function timed out after 15000 milliseconds</failure>
        </testcase>
    </testsuite>
    <testsuite name=";" tests="10" failures="1" skipped="0">
        <properties>
            <property name="URI" value="C:/Users/Data/Desktop/JavaScripts projects/coffee.machine.project/features/coffeeMachineUser.feature">
            </property>
        </properties>
        <testcase name="Given that the machine is plugged in" classname=";" time="0.000150905">
        </testcase>
        <testcase name="And the power light is on" classname=";" time="0.000134994">
        </testcase>
        <testcase name="And that the machine has enough water" classname=";" time="0.00013602">
        </testcase>
        <testcase name="And that the machine has enough coffee" classname=";" time="0.000132427">
        </testcase>
        <testcase name="And that the machine has enough milk" classname=";" time="0.000111896">
        </testcase>
        <testcase name="And the machine has plastic cups" classname=";" time="0.000140126">
        </testcase>
        <testcase name="When I insert 15 kr coins in the machine" classname=";" time="0.000131401">
        </testcase>
        <testcase name="And I select the drink &quot;coffee with milk&quot;" classname=";" time="0.000120108">
        </testcase>
        <testcase name="And I presses the &quot;start&quot; button" classname=";" time="0.000117029">
        </testcase>
        <testcase name="Then I will get a cup of coffee" classname=";" time="15.000460415">
            <failure message="function timed out after 15000 milliseconds">function timed out after 15000 milliseconds</failure>
        </testcase>
    </testsuite>
    <testsuite name=";" tests="10" failures="1" skipped="0">
        <properties>
            <property name="URI" value="C:/Users/Data/Desktop/JavaScripts projects/coffee.machine.project/features/coffeeMachineUser.feature">
            </property>
        </properties>
        <testcase name="Given that the machine is plugged in" classname=";" time="0.000209933">
        </testcase>
        <testcase name="And the power light is on" classname=";" time="0.000138073">
        </testcase>
        <testcase name="And that the machine has enough water" classname=";" time="0.000133454">
        </testcase>
        <testcase name="And that the machine has enough coffee" classname=";" time="0.000126268">
        </testcase>
        <testcase name="And that the machine has enough milk" classname=";" time="0.000101117">
        </testcase>
        <testcase name="And the machine has plastic cups" classname=";" time="0.000139613">
        </testcase>
        <testcase name="When I insert 15 kr coins in the machine" classname=";" time="0.000143719">
        </testcase>
        <testcase name="And I select the drink &quot;coppuccino&quot;" classname=";" time="0.000125755">
        </testcase>
        <testcase name="And I presses the &quot;start&quot; button" classname=";" time="0.000148852">
        </testcase>
        <testcase name="Then I will get a cup of coffee" classname=";" time="15.000666755">
            <failure message="function timed out after 15000 milliseconds">function timed out after 15000 milliseconds</failure>
        </testcase>
    </testsuite>
    <testsuite name=";" tests="10" failures="1" skipped="0">
        <properties>
            <property name="URI" value="C:/Users/Data/Desktop/JavaScripts projects/coffee.machine.project/features/coffeeMachineUser.feature">
            </property>
        </properties>
        <testcase name="Given that the machine is plugged in" classname=";" time="0.00069242">
        </testcase>
        <testcase name="And the power light is on" classname=";" time="0.000504558">
        </testcase>
        <testcase name="And that the machine has enough water" classname=";" time="0.004220217">
        </testcase>
        <testcase name="And that the machine has enough coffee" classname=";" time="0.000369051">
        </testcase>
        <testcase name="And that the machine has enough milk" classname=";" time="0.000649304">
        </testcase>
        <testcase name="And the machine has plastic cups" classname=";" time="0.001211349">
        </testcase>
        <testcase name="When I insert 15 kr coins in the machine" classname=";" time="0.00168203">
        </testcase>
        <testcase name="And I select the drink &quot;byxknapp&quot;" classname=";" time="0.000746828">
        </testcase>
        <testcase name="And I presses the &quot;start&quot; button" classname=";" time="0.000949574">
        </testcase>
        <testcase name="Then I will get a cup of coffee" classname=";" time="15.00034236">
            <failure message="function timed out after 15000 milliseconds">function timed out after 15000 milliseconds</failure>
        </testcase>
    </testsuite>
    <testsuite name=";" tests="10" failures="1" skipped="0">
        <properties>
            <property name="URI" value="C:/Users/Data/Desktop/JavaScripts projects/coffee.machine.project/features/coffeeMachineUser.feature">
            </property>
        </properties>
        <testcase name="Given that the machine is plugged in" classname=";" time="0.000167844">
        </testcase>
        <testcase name="And the power light is on" classname=";" time="0.000160145">
        </testcase>
        <testcase name="And that the machine has enough water" classname=";" time="0.000120108">
        </testcase>
        <testcase name="And that the machine has enough coffee" classname=";" time="0.00010163">
        </testcase>
        <testcase name="And that the machine has enough milk" classname=";" time="0.000210959">
        </testcase>
        <testcase name="And the machine has plastic cups" classname=";" time="0.000131913">
        </testcase>
        <testcase name="And I pay 15 kr with credit card" classname=";" time="0.000485053">
        </testcase>
        <testcase name="And I select the drink &quot;black coffee&quot;" classname=";" time="0.000166817">
        </testcase>
        <testcase name="And I presses the &quot;start&quot; button" classname=";" time="0.000184783">
        </testcase>
        <testcase name="Then I will get a cup of coffee" classname=";" time="15.000502504">
            <failure message="function timed out after 15000 milliseconds">function timed out after 15000 milliseconds</failure>
        </testcase>
    </testsuite>
    <testsuite name=";" tests="10" failures="1" skipped="0">
        <properties>
            <property name="URI" value="C:/Users/Data/Desktop/JavaScripts projects/coffee.machine.project/features/coffeeMachineUser.feature">
            </property>
        </properties>
        <testcase name="Given that the machine is plugged in" classname=";" time="0.000131914">
        </testcase>
        <testcase name="And the power light is on" classname=";" time="0.000125241">
        </testcase>
        <testcase name="And that the machine has enough water" classname=";" time="0.00019864">
        </testcase>
        <testcase name="And that the machine has enough coffee" classname=";" time="0.000102656">
        </testcase>
        <testcase name="And that the machine has enough milk" classname=";" time="0.000158605">
        </testcase>
        <testcase name="And the machine has plastic cups" classname=";" time="0.000437831">
        </testcase>
        <testcase name="And I pay 15 kr with credit card" classname=";" time="0.001475177">
        </testcase>
        <testcase name="And I select the drink &quot;coffee with milk&quot;" classname=";" time="0.000249969">
        </testcase>
        <testcase name="And I presses the &quot;start&quot; button" classname=";" time="0.001032214">
        </testcase>
        <testcase name="Then I will get a cup of coffee" classname=";" time="15.000726296">
            <failure message="function timed out after 15000 milliseconds">function timed out after 15000 milliseconds</failure>
        </testcase>
    </testsuite>
    <testsuite name=";" tests="10" failures="1" skipped="0">
        <properties>
            <property name="URI" value="C:/Users/Data/Desktop/JavaScripts projects/coffee.machine.project/features/coffeeMachineUser.feature">
            </property>
        </properties>
        <testcase name="Given that the machine is plugged in" classname=";" time="0.000852564">
        </testcase>
        <testcase name="And the power light is on" classname=";" time="0.000325422">
        </testcase>
        <testcase name="And that the machine has enough water" classname=";" time="0.000698065">
        </testcase>
        <testcase name="And that the machine has enough coffee" classname=";" time="0.000223278">
        </testcase>
        <testcase name="And that the machine has enough milk" classname=";" time="0.001347369">
        </testcase>
        <testcase name="And the machine has plastic cups" classname=";" time="0.00033928">
        </testcase>
        <testcase name="And I pay 15 kr with credit card" classname=";" time="0.000385989">
        </testcase>
        <testcase name="And I select the drink &quot;coppuccino&quot;" classname=";" time="0.000559479">
        </testcase>
        <testcase name="And I presses the &quot;start&quot; button" classname=";" time="0.00059233">
        </testcase>
        <testcase name="Then I will get a cup of coffee" classname=";" time="15.000664189">
            <failure message="function timed out after 15000 milliseconds">function timed out after 15000 milliseconds</failure>
        </testcase>
    </testsuite>
</testsuites>